[0.626s] Invoking command in '/home/pc22/Desktop/MicrocontrollersTheConstruct/ros_ws/src/pong_reply_node': PYTHONPATH=/home/pc22/Desktop/MicrocontrollersTheConstruct/ros_ws/build/pong_reply_node/prefix_override:/usr/lib/python3/dist-packages/colcon_core/task/python/colcon_distutils_commands:/home/pc22/Desktop/MicrocontrollersTheConstruct/ros_ws/install/pong_reply_node/lib/python3.10/site-packages:${PYTHONPATH} /usr/bin/python3 -W ignore:setup.py install is deprecated -W ignore:easy_install command is deprecated setup.py egg_info --egg-base ../../build/pong_reply_node build --build-base /home/pc22/Desktop/MicrocontrollersTheConstruct/ros_ws/build/pong_reply_node/build install --record /home/pc22/Desktop/MicrocontrollersTheConstruct/ros_ws/build/pong_reply_node/install.log --single-version-externally-managed install_data
[0.789s] running egg_info
[0.789s] creating ../../build/pong_reply_node/pong_reply_node.egg-info
[0.789s] writing ../../build/pong_reply_node/pong_reply_node.egg-info/PKG-INFO
[0.790s] writing dependency_links to ../../build/pong_reply_node/pong_reply_node.egg-info/dependency_links.txt
[0.790s] writing entry points to ../../build/pong_reply_node/pong_reply_node.egg-info/entry_points.txt
[0.790s] writing requirements to ../../build/pong_reply_node/pong_reply_node.egg-info/requires.txt
[0.790s] writing top-level names to ../../build/pong_reply_node/pong_reply_node.egg-info/top_level.txt
[0.790s] writing manifest file '../../build/pong_reply_node/pong_reply_node.egg-info/SOURCES.txt'
[0.791s] reading manifest file '../../build/pong_reply_node/pong_reply_node.egg-info/SOURCES.txt'
[0.792s] writing manifest file '../../build/pong_reply_node/pong_reply_node.egg-info/SOURCES.txt'
[0.792s] running build
[0.792s] running build_py
[0.792s] creating /home/pc22/Desktop/MicrocontrollersTheConstruct/ros_ws/build/pong_reply_node/build
[0.792s] creating /home/pc22/Desktop/MicrocontrollersTheConstruct/ros_ws/build/pong_reply_node/build/lib
[0.792s] creating /home/pc22/Desktop/MicrocontrollersTheConstruct/ros_ws/build/pong_reply_node/build/lib/pong_reply_node
[0.792s] copying pong_reply_node/pong.py -> /home/pc22/Desktop/MicrocontrollersTheConstruct/ros_ws/build/pong_reply_node/build/lib/pong_reply_node
[0.792s] copying pong_reply_node/__init__.py -> /home/pc22/Desktop/MicrocontrollersTheConstruct/ros_ws/build/pong_reply_node/build/lib/pong_reply_node
[0.792s] running install
[0.793s] running install_lib
[0.793s] creating /home/pc22/Desktop/MicrocontrollersTheConstruct/ros_ws/install/pong_reply_node/lib/python3.10/site-packages/pong_reply_node
[0.794s] copying /home/pc22/Desktop/MicrocontrollersTheConstruct/ros_ws/build/pong_reply_node/build/lib/pong_reply_node/pong.py -> /home/pc22/Desktop/MicrocontrollersTheConstruct/ros_ws/install/pong_reply_node/lib/python3.10/site-packages/pong_reply_node
[0.794s] copying /home/pc22/Desktop/MicrocontrollersTheConstruct/ros_ws/build/pong_reply_node/build/lib/pong_reply_node/__init__.py -> /home/pc22/Desktop/MicrocontrollersTheConstruct/ros_ws/install/pong_reply_node/lib/python3.10/site-packages/pong_reply_node
[0.794s] byte-compiling /home/pc22/Desktop/MicrocontrollersTheConstruct/ros_ws/install/pong_reply_node/lib/python3.10/site-packages/pong_reply_node/pong.py to pong.cpython-310.pyc
[0.794s] byte-compiling /home/pc22/Desktop/MicrocontrollersTheConstruct/ros_ws/install/pong_reply_node/lib/python3.10/site-packages/pong_reply_node/__init__.py to __init__.cpython-310.pyc
[0.794s] running install_data
[0.794s] creating /home/pc22/Desktop/MicrocontrollersTheConstruct/ros_ws/install/pong_reply_node/share/ament_index
[0.795s] creating /home/pc22/Desktop/MicrocontrollersTheConstruct/ros_ws/install/pong_reply_node/share/ament_index/resource_index
[0.795s] creating /home/pc22/Desktop/MicrocontrollersTheConstruct/ros_ws/install/pong_reply_node/share/ament_index/resource_index/packages
[0.795s] copying resource/pong_reply_node -> /home/pc22/Desktop/MicrocontrollersTheConstruct/ros_ws/install/pong_reply_node/share/ament_index/resource_index/packages
[0.795s] copying package.xml -> /home/pc22/Desktop/MicrocontrollersTheConstruct/ros_ws/install/pong_reply_node/share/pong_reply_node
[0.795s] running install_egg_info
[0.797s] Copying ../../build/pong_reply_node/pong_reply_node.egg-info to /home/pc22/Desktop/MicrocontrollersTheConstruct/ros_ws/install/pong_reply_node/lib/python3.10/site-packages/pong_reply_node-0.0.0-py3.10.egg-info
[0.797s] running install_scripts
[0.813s] Installing pong script to /home/pc22/Desktop/MicrocontrollersTheConstruct/ros_ws/install/pong_reply_node/lib/pong_reply_node
[0.813s] writing list of installed files to '/home/pc22/Desktop/MicrocontrollersTheConstruct/ros_ws/build/pong_reply_node/install.log'
[0.829s] Invoked command in '/home/pc22/Desktop/MicrocontrollersTheConstruct/ros_ws/src/pong_reply_node' returned '0': PYTHONPATH=/home/pc22/Desktop/MicrocontrollersTheConstruct/ros_ws/build/pong_reply_node/prefix_override:/usr/lib/python3/dist-packages/colcon_core/task/python/colcon_distutils_commands:/home/pc22/Desktop/MicrocontrollersTheConstruct/ros_ws/install/pong_reply_node/lib/python3.10/site-packages:${PYTHONPATH} /usr/bin/python3 -W ignore:setup.py install is deprecated -W ignore:easy_install command is deprecated setup.py egg_info --egg-base ../../build/pong_reply_node build --build-base /home/pc22/Desktop/MicrocontrollersTheConstruct/ros_ws/build/pong_reply_node/build install --record /home/pc22/Desktop/MicrocontrollersTheConstruct/ros_ws/build/pong_reply_node/install.log --single-version-externally-managed install_data
